// Jest Snapshot v1, https://goo.gl/fbAQLP

exports[`SkeletonLoader should loading finished with no children 1`] = `"custom empty"`;

exports[`SkeletonLoader should loading true 1`] = `
<G
  circle={false}
  count={3}
  duration={1.2}
  height={null}
  width={null}
  wrapper={null}
/>
`;

exports[`SkeletonLoader should loading true with a node child 1`] = `
<div>
  a child
</div>
`;

exports[`SkeletonLoader should render custom error 1`] = `"custom error node"`;
