// Jest Snapshot v1, https://goo.gl/fbAQLP

exports[`EditorOptions EditorOptions renders EditorOptions 1`] = `
<div
  id="editor-dropdowns"
>
  <h4
    id="divider"
  >
    |
  </h4>
  <Tooltip
    content="Hide Content"
    position="top"
  >
    <Button
      active={false}
      block={false}
      bsClass="btn"
      bsStyle="link"
      className="editor-button"
      disabled={false}
      id="hide-btn"
      onClick={[Function]}
    >
      <Icon
        name="eye-slash"
        size="lg"
        type="fa"
      />
    </Button>
  </Tooltip>
  <Tooltip
    content="Revert Local Changes"
    position="top"
  >
    <Button
      active={false}
      block={false}
      bsClass="btn"
      bsStyle="link"
      className="editor-button"
      disabled={false}
      id="undo-btn"
      onClick={[Function]}
    >
      <Icon
        name="restart"
        size="2x"
        type="pf"
      />
    </Button>
  </Tooltip>
  <Tooltip
    content="Import File"
    position="top"
  >
    <Button
      active={false}
      block={false}
      bsClass="btn"
      bsStyle="link"
      className="import-button"
      disabled={false}
      id="import-btn"
      onClick={[Function]}
    >
      <Icon
        name="folder-open"
        size="lg"
        type="pf"
      />
      <FormControl
        bsClass="form-control"
        className="hidden"
        componentClass="input"
        inputRef={[Function]}
        onChange={[Function]}
        type="file"
      />
    </Button>
  </Tooltip>
  <EditorSettings
    autocompletion={true}
    changeSetting={[Function]}
    keyBinding="Default"
    keyBindings={
      Array [
        "Default",
        "Emacs",
        "Vim",
      ]
    }
    liveAutocompletion={false}
    mode="Ruby"
    modes={
      Array [
        "Text",
        "Json",
        "Ruby",
        "Html_ruby",
        "Sh",
        "Xml",
        "Yaml",
      ]
    }
    selectedView="input"
    theme="Monokai"
    themes={
      Array [
        "Github",
        "Monokai",
      ]
    }
  />
  <Tooltip
    content="Maximize"
    position="top"
  >
    <Button
      active={false}
      block={false}
      bsClass="btn"
      bsStyle="link"
      className="editor-button"
      disabled={false}
      id="fullscreen-btn"
      onClick={[Function]}
    >
      <Icon
        name="arrows-alt"
        size="lg"
        type="fa"
      />
    </Button>
  </Tooltip>
</div>
`;
