// Jest Snapshot v1, https://goo.gl/fbAQLP

exports[`RegistrationCommandsPage fields - TokenLifeTime renders 1`] = `
<FormGroup
  fieldId="reg_token_life_time_input"
  helperTextInvalid="Token life time value must be between 1 and 999999 hours."
  label="Token life time"
  labelIcon={
    <LabelIcon
      text="Expiration of the authorization token."
    />
  }
  validated="default"
>
  <InputGroup>
    <TextInput
      id="reg_token_life_time_input"
      isDisabled={false}
      max={999999}
      min={1}
      onChange={[Function]}
      ouiaId="reg_token_life_time_input"
      type="number"
      validated="default"
      value={4}
    />
    <InputGroupText>
      hours
    </InputGroupText>
    <InputGroupText>
      <Checkbox
        className=""
        component="div"
        id="reg_unlimited_token_life_time"
        isChecked={false}
        isDisabled={false}
        isRequired={false}
        isValid={true}
        label="unlimited"
        onChange={[Function]}
        ouiaId="reg_unlimited_token_life_time"
        ouiaSafe={true}
      />
    </InputGroupText>
  </InputGroup>
</FormGroup>
`;
